
[
{"date": "2022-01-17 12:05:00", "average_delivery_time": 0},
 {"date": "2022-01-17 12:06:00", "average_delivery_time": 15.0},
 {"date": "2022-01-17 12:07:00", "average_delivery_time": 15.0},
 {"date": "2022-01-17 12:08:00", "average_delivery_time": 15.0},
 {"date": "2022-01-17 12:09:00", "average_delivery_time": 15.0},
 {"date": "2022-01-17 12:10:00", "average_delivery_time": 15.0},
 {"date": "2022-01-17 12:11:00", "average_delivery_time": 20.0},
 {"date": "2022-01-17 12:12:00", "average_delivery_time": 20.0},
 {"date": "2022-01-17 12:13:00", "average_delivery_time": 20.0},
 {"date": "2022-01-17 12:14:00", "average_delivery_time": 20.0},
 {"date": "2022-01-17 12:15:00", "average_delivery_time": 20.0},
 {"date": "2022-01-17 12:16:00", "average_delivery_time": 22.5}
]